The sum is: 3
The sum is: 7
The sum is: 11
The sum is: 15
The sum is: 19
I'm tired, goodbye
