The sum is: 0
The sum is: 0
The sum is: -50
The sum is: 0
The sum is: 100
I'm tired, goodbye
