15 days till holidays!
14 days till holidays!
13 days till holidays!
12 days till holidays!
11 days till holidays!
10 days till holidays!
9 days till holidays!
8 days till holidays!
7 days till holidays!
6 days till holidays!
5 days till holidays!
4 days till holidays!
3 days till holidays!
2 days till holidays!
1 days till holidays!
Happy holidays!