You are invited to the The Hackathon at Room 125 starting at 03:00 PM.