You are invited to the The Harvest at The Corn Field starting at 06:00 AM.