You are invited to the Midnight Gala at The Grand Manor starting at 11:59 PM.