hello One!
NEXT!
hello Two!
NEXT!
hello Three!
NEXT!
hello Four!
NEXT!
hello Five!
NEXT!
hello Six!
NEXT!
hello Seven!
NEXT!
hello Eight!
NEXT!
hello Nine!
NEXT!
*sweats profusely*