hello John!
NEXT!
hello Henry!
NEXT!
hello Doe!
NEXT!
hello William!
NEXT!
*sweats profusely*